// Jest Snapshot v1, https://goo.gl/fbAQLP

exports[`Spaces component should only list drives of type "project" 1`] = `
<div class="oc-p-s"><button aria-label="Create a new space" class="oc-mb-l oc-button oc-button-m oc-button-justify-content-center oc-button-gap-m oc-button-primary" id="new-space-menu-btn" data-testid="spaces-list-create-space-btn"><span class="oc-icon oc-icon-m oc-icon-passive"><!----></span> <span>Create Space</span></button>
  <h2 class="oc-mt-rm">Spaces</h2> <span>Access all project related files in one place.</span> <a href="#">Learn more about spaces.</a>
  <h3>Your spaces</h3>
  <hr class="oc-mb-s">
  <div class="spaces-list">
    <ul class="
          oc-grid
          oc-grid-match
          oc-grid-column-small
          oc-grid-row-large
          oc-text-center
          oc-child-width-1-3@s
        ">
      <li class="oc-mb-m">
        <div class="spaces-list-card oc-border oc-card oc-card-default">
          <div class="oc-card-media-top oc-border-b"><button aria-label="Show context menu" class="oc-position-absolute oc-position-top-right oc-mr-s oc-mt-s oc-button oc-button-m oc-button-justify-content-center oc-button-gap-m oc-button-passive oc-button-passive-outline" id="space-context-btn-1"><span class="oc-icon oc-icon-m oc-icon-passive"><!----></span></button>
            <div id="space-context-drop-1" class="oc-drop oc-box-shadow-medium oc-drop-rounded" style="box-shadow: 0px 0px 6px rgba(0, 0, 0, 0.12);" options="[object Object]">
              <div class="oc-card oc-card-body oc-drop-rounded oc-p-s">
                <ul class="oc-list oc-files-context-actions">
                  <li class="oc-spaces-context-action oc-py-xs oc-px-s"><button class="oc-button oc-button-m oc-button-justify-content-left oc-button-gap-m oc-button-passive oc-button-passive-raw"><span class="oc-icon oc-icon-m oc-icon-passive"><!----></span>
                      Rename
                    </button></li>
                  <li class="oc-spaces-context-action oc-py-xs oc-px-s"><button class="oc-button oc-button-m oc-button-justify-content-left oc-button-gap-m oc-button-passive oc-button-passive-raw"><span class="oc-icon oc-icon-m oc-icon-passive"><!----></span>
                      Delete
                    </button></li>
                </ul>
              </div>
            </div> <a href="#/" aria-current="page" class="router-link-exact-active router-link-active"><span class="oc-px-m oc-py-m oc-icon oc-icon-xxl oc-icon-passive"><!----></span></a>
          </div> <span class="oc-card-body"><a href="#/" aria-current="page" class="oc-card-title router-link-exact-active router-link-active"></a></span>
        </div>
      </li>
    </ul>
  </div>
</div>
`;
